,error_vars
english,0.385
vocab,0.353
socsci,0.308
math,0.742
natsci,0.601