9.257476453215004
5.046789883017111
5.7852482223997095
15.499197534775554
9.417836224721574
