,Verbal,Quant
english,0.101,0
vocab,0.098,0
socsci,0.218,0.216
math,0,0.138
natsci,0,0.124