,Verbal,Quant
english,3.533,0
vocab,4.221,0
socsci,3.284,1.097
math,0,4.888
natsci,0,4.85