,evars
english,9.248
vocab,5.05
socsci,5.781
math,15.519
natsci,9.405