,Verbal,Quant
Verbal,12.479,3.229
Quant,3.229,1.204