,Verbal,Quant
english,1,0
vocab,1.195,0
socsci,0.93,1
math,0,4.454
natsci,0,4.42