,Verbal,Quant
english,0,0
vocab,0.033,0
socsci,0.064,0
math,0,0.883
natsci,0,0.879