0.11929873109782989
0.05043615546259434
0.04645802557511054
0.05803088069167419
0.10176889322913447
0.06607524005327776
0.04742320758378316
0.0537364643750158
