1.0966849476047238
0.9547435547763524
0.950989806213096
0.9478369228743762
1.0638280979997063
0.9422027356245953
0.9762207091579124
1.038387013827248
