,F1,F2
V1,0.991,0
V2,0.461,0
V3,0.35,0
V4,0.583,0
V5,0,0.986
V6,0,0.734
V7,0,0.376
V8,0,0.5