,F1,F2
V1,0.068,0
V2,0.044,0
V3,0.042,0
V4,0.048,0
V5,0,0.06
V6,0,0.049
V7,0,0.041
V8,0,0.044