,error_vars
reading1,8.150544
reading2,10.450517
reading3,9.049335
math1,7.544002
math2,8.772275
math3,8.968767
writing1,10.098775
writing2,11.103137
writing3,11.192412