,evars
reading1,36.666565
reading2,45.735412
reading3,15.772371
math1,24.91474
math2,24.545508
math3,41.296792
writing1,26.855868
writing2,48.333414
writing3,47.196584