Reading,Math,Writing,
Reading,1,0.327634,0.480697
Math,0.327634,1,0.399813
Writing,0.480697,0.399813,1