,Reading,Math,Writing
reading1,6.715367,0,0
reading2,7.798539,0,0
reading3,9.057437,0,0
math1,0,7.487835,0
math2,0,8.374616,0
math3,0,6.77494,0
writing1,0,0,7.902261
writing2,0,0,6.828601
writing3,0,0,7.044893