,Reading,Math,Writing
reading1,1.029851,0,0
reading2,1.170466,0,0
reading3,1.055093,0,0
math1,0,0.997292,0
math2,0,1.067071,0
math3,0,1.073173,0
writing1,0,0,1.107042
writing2,0,0,1.178581
writing3,0,0,1.185562