2.7149277449607894,-2.4329849404301322,-1.9247733374436093
3.9335568949118054,-2.023354011201533,-1.1846219948848133
5.421437174142792,-2.0262130906971922,-1.2228003940445598
-1.9935965393743995,3.8771196823310436,-2.3313954228253735
-2.7324494035188716,4.980457244479539,-2.6487478572841985
-2.2247504774435383,2.9783779800110404,-1.5297945375872413
-0.12899046357551383,-2.1601507710814336,4.325427472978104
-2.5653791538269792,-1.7996873542433611,3.13667540432712
-2.4247557762760845,-1.3935647391679735,3.38003066676457
