,evars
reading1,36.770541
reading2,45.94517
reading3,15.437781
math1,24.616307
math2,24.531189
math3,41.572027
writing1,26.972832
writing2,48.31309
writing3,47.250445