,error_vars
reading1,8.14418
reading2,10.477477
reading3,9.079277
math1,7.533391
math2,8.743622
math3,8.991556
writing1,10.073065
writing2,11.110847
writing3,11.212823