,Reading,Math,Writing
Reading,44.519432,16.574846,25.122311
Math,16.574846,56.770511,23.908103
Writing,25.122311,23.908103,61.795053