,Reading,Math,Writing
reading1,0,0,0
reading2,0.199179,0,0
reading3,0.215333,0,0
math1,0,0,0
math2,0,0.16367,0
math3,0,0.149551,0
writing1,0,0,0
writing2,0,0,0.17063
writing3,0,0,0.173432