,Reading,Math,Writing
reading1,1,0,0
reading2,1.165396,0,0
reading3,1.357636,0,0
math1,0,1,0
math2,0,1.113631,0
math3,0,0.899524,0
writing1,0,0,1
writing2,0,0,0.867128
writing3,0,0,0.894703