0.2806632716168428
0.3992098176631987
0.6131170329705915
0.39320677738632553
0.34748621883735903
0.3690859424394583
0.44646880572540193
0.366767281299265
0.5232606748847274
0.41755966766983454
0.5035985240593749
0.5108886250323501
0.7177325018668662
0.41000861892797874
0.3535024882494151
0.6440156455781124
0.3884812614778381
0.46530773156708893
0.7111351163784199
0.798792827593174
0.22800841293672822
0.7286681670827085
0.2251601102680525
0.3573271373818166
0.6026556032956016
0.4189638306054537
0.33426694941287244
0.4290301307413068
0.33660517586232513
0.6114581983760264
0.4884568764098728
0.6337247686603822
0.4406584147766434
0.5007859937902351
0.5259640353108304
0.6393519290122675
