0.016541404693357763
0.02240686975362529
0.028257506930886574
0.021857120090480308
0.015684512888197
0.01818958637048505
0.023829808941814894
0.02146153950412753
0.02532071752637592
0.02083177007408085
0.023370754612112493
0.024793403124807305
0.033972313038287884
0.022654387755504976
0.02032318640612399
0.030010731177621514
0.02188878910476478
0.025818409514161755
0.03179940551890744
0.03771921738492333
0.01556342511431299
0.032628800064444796
0.017140954817286308
0.017319599333621725
0.02895592721227816
0.02449312234182051
0.01876775152905077
0.0211419137740955
0.019203851428256563
0.028695951452592766
0.027547378675531933
0.030971129301739363
0.02682117766712086
0.02303496708090523
0.02823908629170039
0.030849115131714108
