1.0,0.5405347676633029,0.26174354660670296,0.3090193404257861,0.12709672209818518,0.5540261586761812
0.5405347676633029,1.0,0.1786305552391682,0.4928762123168438,0.4989938445255898,0.4427269266499772
0.26174354660670296,0.1786305552391682,1.0,-0.15079359783951476,0.16560533101963937,0.3784580543736636
0.3090193404257861,0.4928762123168438,-0.15079359783951474,1.0,0.294798274481583,0.0871941193728709
0.12709672209818518,0.4989938445255898,0.16560533101963937,0.294798274481583,1.0,0.2678499443639151
0.5540261586761813,0.4427269266499772,0.3784580543736636,0.08719411937287089,0.2678499443639151,1.0
