,error_vars
V1,0.119
V2,0.05
V3,0.046
V4,0.058
V5,0.102
V6,0.066
V7,0.047
V8,0.054