,evars
V1,1.097
V2,0.955
V3,0.951
V4,0.948
V5,1.064
V6,0.942
V7,0.976
V8,1.038