,F1,F2
V1,0,0
V2,0.058,0
V3,0.05,0
V4,0.069,0
V5,0,0
V6,0,0.074
V7,0,0.048
V8,0,0.055