,F1,F2
V1,1,0
V2,0.465,0
V3,0.353,0
V4,0.588,0
V5,0,1
V6,0,0.744
V7,0,0.381
V8,0,0.507