"","x"
"sex",0.588608854233434
"zygosity",0.00382390039248182
"moed",0.504572482849861
"faed",0.728337671409498
"faminc",0.331860342110816
"english",0.662097154411232
"math",0.619120926251366
"socsci",0.731949279298031
"natsci",0.64930067481466
"vocab",0.71150248325263
