"","x"
"sex",0.568262782113056
"zygosity",0.00335344116024749
"moed",0.502211155728153
"faed",0.732278623062979
"faminc",0.331437013920703
"english",0.640087242903545
"math",0.609288716925608
"socsci",0.748529483037574
"natsci",0.641681114156784
"vocab",0.73417183828982
