"","x"
"sex",0.0200698806283079
"zygosity",0.00369309370387438
"moed",0.502379851910451
"faed",0.726577338166964
"faminc",0.332505189916626
"english",0.544999778173725
"math",0.557021996057969
"socsci",0.748062337667605
"natsci",0.632540585595578
"vocab",0.678479276307396
