0
0.919938120918268
0.017943736640261172
0.6967433287619788
0.749039286063796
0.5563790941185475
0.7632183284501018
0.7130263031828712
0.7790552645540851
0.7297275337119586
0.7679960121543663
