0
3.8512799874743644
1.709225042323102
1.1325619787587673
0.9998986378040248
0.614903833759251
0.43806208201735625
0.3891483210671943
0.3375896865907356
0.3128009655850919
0.21452946462011033
