"","MR1","MR2"
"sex",-0.148097688436596,0.0640668247222744
"zygosity",0.00926914066317219,0.0568602293413421
"moed",-0.0293471965986073,0.717481062078967
"faed",0.00641761627269584,0.850347742339245
"faminc",0.0836351297182976,0.544788769783947
"english",0.7323675050852,0.0179947840118985
"math",0.737081067880239,0.0278811783103989
"socsci",0.869669808042782,-0.015540390866951
"natsci",0.810400558343853,-0.052922992443324
"vocab",0.802492366408111,0.0608741581280668
