"","MR1","MR2"
"sex",-0.130830186146755,0.054259950144959
"zygosity",0.0244142922091219,0.0552715394436468
"moed",0.16194647306451,0.690036213592894
"faed",0.233083284970722,0.819903817844926
"faminc",0.228750352674428,0.529305583551424
"english",0.736227398973548,0.0543766362499309
"math",0.743570309327008,0.064143654045391
"socsci",0.864414712726003,0.0289977178030043
"natsci",0.795256350990232,-0.0100292700934536
"vocab",0.81769273813291,0.0992504308638485
