0
0.08006187908173201
0.9820562633597388
0.30325667123802125
0.250960713936204
0.44362090588145253
0.23678167154989815
0.2869736968171288
0.22094473544591486
0.27027246628804136
0.2320039878456337
