0
3.5926849862657355
1.407280624815862
1.0152721904374251
0.22430850260870783
0.20691186978962176
0.118142972428002
0.1012297742669997
0.04555957533917419
0.0016292994143411478
-0.019952786809634724
